tests/doc/doc1.c:1: warning: no description found for function op_add
tests/doc/doc1.c:6: warning: no description found for function main
