struct dog
test
struct color
struct animal
test2
struct color2
